g_done @ 0x10e2d8
  10E2D8:   0000D09E

results @ 0x10e178, 88 words
  10E178:   00002789
  10E17C:   00000000
  10E180:   000029A5
  10E184:   00000000
  10E188:   00002837
  10E18C:   00000000
  10E190:   0000004D
  10E194:   00000000
  10E198:   00010EEC
  10E19C:   00000000
  10E1A0:   00010FE6
  10E1A4:   00000000
  10E1A8:   00010F6B
  10E1AC:   00000000
  10E1B0:   00000026
  10E1B4:   00000000
  10E1B8:   00021717
  10E1BC:   00000000
  10E1C0:   00021857
  10E1C4:   00000000
  10E1C8:   000217DB
  10E1CC:   00000000
  10E1D0:   00000033
  10E1D4:   00000000
  10E1D8:   000849BC
  10E1DC:   00000000
  10E1E0:   00084ACA
  10E1E4:   00000000
  10E1E8:   00084A3C
  10E1EC:   00000000
  10E1F0:   0000003C
  10E1F4:   00000000
  10E1F8:   00108CF2
  10E1FC:   00000000
  10E200:   00108DF6
  10E204:   00000000
  10E208:   00108D6F
  10E20C:   00000000
  10E210:   0000003F
  10E214:   00000000
  10E218:   002114C6
  10E21C:   00000000
  10E220:   00211688
  10E224:   00000000
  10E228:   0021159F
  10E22C:   00000000
  10E230:   00000059
  10E234:   00000000
  10E238:   00422465
  10E23C:   00000000
  10E240:   0042270D
  10E244:   00000000
  10E248:   004225CA
  10E24C:   00000000
  10E250:   0000007B
  10E254:   00000000
  10E258:   008443F2
  10E25C:   00000000
  10E260:   00844866
  10E264:   00000000
  10E268:   00844643
  10E26C:   00000000
  10E270:   000000B7
  10E274:   00000000
  10E278:   021103FD
  10E27C:   00000000
  10E280:   02110CE5
  10E284:   00000000
  10E288:   021108DD
  10E28C:   00000000
  10E290:   00000160
  10E294:   00000000
  10E298:   08440B62
  10E29C:   00000000
  10E2A0:   08441AC7
  10E2A4:   00000000
  10E2A8:   08441374
  10E2AC:   00000000
  10E2B0:   000002AB
  10E2B4:   00000000
  10E2B8:   2110288A
  10E2BC:   00000000
  10E2C0:   211053CA
  10E2C4:   00000000
  10E2C8:   21104015
  10E2CC:   00000000
  10E2D0:   000005DB
  10E2D4:   00000000

ok_count @ 0x12e338, 11 words
  12E338:   000003E8
  12E33C:   000003E8
  12E340:   000003E8
  12E344:   000003E8
  12E348:   000003E8
  12E34C:   000003E8
  12E350:   000003E8
  12E354:   000003E8
  12E358:   000003E8
  12E35C:   000003E8
  12E360:   000003E8

err_count @ 0x12e368, 11 words
  12E368:   00000000
  12E36C:   00000000
  12E370:   00000000
  12E374:   00000000
  12E378:   00000000
  12E37C:   00000000
  12E380:   00000000
  12E384:   00000000
  12E388:   00000000
  12E38C:   00000000
  12E390:   00000000

first_status @ 0x12e398, 11 words
  12E398:   00000000
  12E39C:   00000000
  12E3A0:   00000000
  12E3A4:   00000000
  12E3A8:   00000000
  12E3AC:   00000000
  12E3B0:   00000000
  12E3B4:   00000000
  12E3B8:   00000000
  12E3BC:   00000000
  12E3C0:   00000000

