Zynq MP First Stage Boot Loader 
Release 2025.1   May 14 2025  -  12:33:16

========================================
 SPI Bare-Metal Benchmark - ZynqMP/ZCU102
 PS SPI1 @ 0.9766 MHz (62.5MHz/64), timing-only
========================================
  SPI1_REF_CTRL before: 0x01001800
  SPI1_REF_CTRL after : 0x01001800 (want 0x01001800)
  SPI1 init + selftest OK. Prescaler=/64.

bytes          min_ns       avg_ns       max_ns    stddev_ns
-------- ------------ ------------ ------------ ------------
1               10121        10295        10661           77
8               69356        69483        69606           38
16             136983       137179       137303           51
64             543164       543292       543434           60
128           1084658      1084783      1084918           63
256           2168006      2168223      2168456           89
512           4334693      4335050      4335373          123
1024          8668146      8668739      8669286          183
4096         34669565     34670813     34671845          352
16384       138677090    138679156    138681031          683
65536       554707082    554713109    554718154         1499

---CSV-BEGIN---
# UINT64_MAX timing means zero successful transfers
bytes,avg_ns,stddev_ns,ok_count,err_count,first_status
1,10295,77,1000,0,0
8,69483,38,1000,0,0
16,137179,51,1000,0,0
64,543292,60,1000,0,0
128,1084783,63,1000,0,0
256,2168223,89,1000,0,0
512,4335050,123,1000,0,0
1024,8668739,183,1000,0,0
4096,34670813,352,1000,0,0
16384,138679156,683,1000,0,0
65536,554713109,1499,1000,0,0
---CSV-END---

Benchmark complete.
