#-----------------------------------------------------------
# Vivado v2025.1 (64-bit)
# SW Build 6140274 on Wed May 21 22:58:25 MDT 2025
# IP Build 6138677 on Thu May 22 03:10:11 MDT 2025
# SharedData Build 6139179 on Tue May 20 17:58:58 MDT 2025
# Start of session at: Mon Aug 10 10:41:43 2026
# Process ID         : 662506
# Current directory  : /tmp
# Command line       : vivado -mode batch -notrace -source /home/jconway/spi-soc-research/hardware/sim/run_keyhole_sim.tcl -log /home/jconway/spi-soc-research/hardware/logs/r6sim_names_20260810_1041.log -journal /tmp/r6_names.jou
# Log file           : /home/jconway/spi-soc-research/hardware/logs/r6sim_names_20260810_1041.log
# Journal file       : /tmp/r6_names.jou
# Running On         : stile.lps.umd.edu
# Platform           : Ubuntu
# Operating System   : Ubuntu 24.04.4 LTS
# Processor Detail   : Intel(R) Core(TM) i9-9900X CPU @ 3.50GHz
# CPU Frequency      : 1200.000 MHz
# CPU Physical cores : 10
# CPU Logical cores  : 20
# Host memory        : 50263 MB
# Swap memory        : 8589 MB
# Total Virtual      : 58853 MB
# Available Virtual  : 52952 MB
#-----------------------------------------------------------
source /home/jconway/spi-soc-research/hardware/sim/run_keyhole_sim.tcl -notrace
Wrote  : </tmp/r6_keyhole_sim/r6sim.srcs/sources_1/bd/sim_keyhole/sim_keyhole.bd> 
WARNING: [BD 41-721] Attempt to set value '0' on disabled parameter 'C_S_AXI4_ID_WIDTH' of cell '/axi_quad_spi_0' is ignored
R6_SIMBD: setv CONFIG.C_TYPE_OF_AXI4_INTERFACE = 1
R6_SIMBD: setv CONFIG.C_XIP_MODE = 0
R6_SIMBD: setv CONFIG.C_SPI_MODE = 0
R6_SIMBD: setv CONFIG.C_FIFO_DEPTH = 256
R6_SIMBD: setv CONFIG.C_SCK_RATIO = 16
R6_SIMBD: setv CONFIG.C_NUM_SS_BITS = 1
R6_SIMBD: setv CONFIG.NUM_SI = 2
R6_SIMBD: setv CONFIG.NUM_MI = 3
R6_SIMBD: setv CONFIG.M00_ISSUANCE = 1
Slave segment '/axi_quad_spi_0/aximm/MEM0' is being assigned into address space '/axi_vip_0/Master_AXI' at <0xA000_0000 [ 64K ]>.
Slave segment '/axi_cdma_0/S_AXI_LITE/Reg' is being assigned into address space '/axi_vip_0/Master_AXI' at <0xA001_0000 [ 64K ]>.
Slave segment '/axi_vip_1/S_AXI/Reg' is being assigned into address space '/axi_vip_0/Master_AXI' at <0x0000_0000 [ 64K ]>.
Slave segment '/axi_quad_spi_0/aximm/MEM0' is being assigned into address space '/axi_cdma_0/Data' at <0xA000_0000 [ 64K ]>.
Slave segment '/axi_vip_1/S_AXI/Reg' is being assigned into address space '/axi_cdma_0/Data' at <0x0000_0000 [ 64K ]>.
Excluding slave segment /axi_cdma_0/S_AXI_LITE/Reg from address space /axi_cdma_0/Data.
Excluding slave segment /axi_cdma_0/S_AXI_LITE/Reg from address space /axi_cdma_0/Data.
Excluding slave segment /axi_cdma_0/S_AXI_LITE/Reg from address space /axi_cdma_0/Data.
Excluding slave segment /axi_cdma_0/S_AXI_LITE/Reg from address space /axi_cdma_0/Data.
Excluding slave segment /axi_cdma_0/S_AXI_LITE/Reg from address space /axi_cdma_0/Data.
Excluding slave segment /axi_cdma_0/S_AXI_LITE/Reg from address space /axi_cdma_0/Data.
Excluding slave segment /axi_cdma_0/S_AXI_LITE/Reg from address space /axi_cdma_0/Data.
Excluding slave segment /axi_cdma_0/S_AXI_LITE/Reg from address space /axi_cdma_0/Data.
Excluding slave segment /axi_cdma_0/S_AXI_LITE/Reg from address space /axi_cdma_0/Data.
Excluding slave segment /axi_cdma_0/S_AXI_LITE/Reg from address space /axi_cdma_0/Data.
INFO: [xilinx.com:ip:axi_quad_spi:3.2-1] /axi_quad_spi_0 
			#################################################################################################
			INFO: AXI Quad SPI core's AXI4 Memory Mapped Clock and EXT SPI CLK are synchronous to each other.
			#################################################################################################
Wrote  : </tmp/r6_keyhole_sim/r6sim.srcs/sources_1/bd/sim_keyhole/sim_keyhole.bd> 
R6_SIMBD: sim_keyhole BD validated
INFO: [BD 41-1662] The design 'sim_keyhole.bd' is already validated. Therefore parameter propagation will not be re-run.
Verilog Output written to : /tmp/r6_keyhole_sim/r6sim.gen/sources_1/bd/sim_keyhole/synth/sim_keyhole.v
Verilog Output written to : /tmp/r6_keyhole_sim/r6sim.gen/sources_1/bd/sim_keyhole/sim/sim_keyhole.v
Verilog Output written to : /tmp/r6_keyhole_sim/r6sim.gen/sources_1/bd/sim_keyhole/hdl/sim_keyhole_wrapper.v
update_compile_order: Time (s): cpu = 00:00:05 ; elapsed = 00:00:05 . Memory (MB): peak = 1879.363 ; gain = 56.027 ; free physical = 26771 ; free virtual = 49813
Command: launch_simulation 
INFO: [Vivado 12-12493] Simulation top is 'tb_keyhole'
INFO: [BD 41-1662] The design 'sim_keyhole.bd' is already validated. Therefore parameter propagation will not be re-run.
Verilog Output written to : /tmp/r6_keyhole_sim/r6sim.gen/sources_1/bd/sim_keyhole/synth/sim_keyhole.v
Verilog Output written to : /tmp/r6_keyhole_sim/r6sim.gen/sources_1/bd/sim_keyhole/sim/sim_keyhole.v
Verilog Output written to : /tmp/r6_keyhole_sim/r6sim.gen/sources_1/bd/sim_keyhole/hdl/sim_keyhole_wrapper.v
INFO: [BD 41-1029] Generation completed for the IP Integrator block axi_vip_0 .
INFO: [BD 41-1029] Generation completed for the IP Integrator block axi_vip_1 .
INFO: [BD 41-1029] Generation completed for the IP Integrator block axi_cdma_0 .
INFO: [BD 41-1029] Generation completed for the IP Integrator block axi_quad_spi_0 .
INFO: [BD 41-1029] Generation completed for the IP Integrator block axi_ic_0/xbar .
INFO: [BD 41-1029] Generation completed for the IP Integrator block axi_ic_0/s00_couplers/auto_pc .
INFO: [BD 41-1029] Generation completed for the IP Integrator block axi_ic_0/m01_couplers/auto_pc .
Exporting to file /tmp/r6_keyhole_sim/r6sim.gen/sources_1/bd/sim_keyhole/hw_handoff/sim_keyhole.hwh
Generated Hardware Definition File /tmp/r6_keyhole_sim/r6sim.gen/sources_1/bd/sim_keyhole/synth/sim_keyhole.hwdef
INFO: [Vivado 12-5682] Launching behavioral simulation in '/tmp/r6_keyhole_sim/r6sim.sim/sim_1/behav/xsim'
INFO: [Vivado 12-13660] Precompiled IP simulation library mode is enabled (default). The design IP libraries will be referenced from the compiled library path. Please note that if the precompiled version of the library is not found from the path or the IP is in locked state, then the library source files for these IPs will be compiled locally as part of the compile order.
INFO: [Vivado 12-4795] Using compiled simulation libraries for IPs
INFO: [SIM-utils-51] Simulation object is 'sim_1'
INFO: [SIM-utils-72] Using boost library from '/tools/Xilinx/2025.1/Vivado/tps/boost_1_72_0'
INFO: [USF-XSim-7] Finding pre-compiled libraries...
INFO: [USF-XSim-11] File '/tools/Xilinx/2025.1/data/xsim/xsim.ini' copied to run dir:'/tmp/r6_keyhole_sim/r6sim.sim/sim_1/behav/xsim'
INFO: [SIM-utils-54] Inspecting design source files for 'tb_keyhole' in fileset 'sim_1'...
INFO: [SIM-utils-43] Exported '/tmp/r6_keyhole_sim/r6sim.sim/sim_1/behav/xsim/mode_1_memory_0_mixed.mif'
INFO: [SIM-utils-43] Exported '/tmp/r6_keyhole_sim/r6sim.sim/sim_1/behav/xsim/mode_1_memory_1_wb.mif'
INFO: [SIM-utils-43] Exported '/tmp/r6_keyhole_sim/r6sim.sim/sim_1/behav/xsim/mode_1_memory_2_nm.mif'
INFO: [SIM-utils-43] Exported '/tmp/r6_keyhole_sim/r6sim.sim/sim_1/behav/xsim/mode_1_memory_4_mx.mif'
INFO: [SIM-utils-43] Exported '/tmp/r6_keyhole_sim/r6sim.sim/sim_1/behav/xsim/mode_2_memory_0_mixed.mif'
INFO: [SIM-utils-43] Exported '/tmp/r6_keyhole_sim/r6sim.sim/sim_1/behav/xsim/mode_2_memory_1_wb.mif'
INFO: [SIM-utils-43] Exported '/tmp/r6_keyhole_sim/r6sim.sim/sim_1/behav/xsim/mode_2_memory_2_nm.mif'
INFO: [SIM-utils-43] Exported '/tmp/r6_keyhole_sim/r6sim.sim/sim_1/behav/xsim/mode_2_memory_4_mx.mif'
INFO: [SIM-utils-43] Exported '/tmp/r6_keyhole_sim/r6sim.sim/sim_1/behav/xsim/mode_2_memory_3_sp.mif'
INFO: [SIM-utils-43] Exported '/tmp/r6_keyhole_sim/r6sim.sim/sim_1/behav/xsim/mode_1_memory_3_sp.mif'
INFO: [SIM-utils-43] Exported '/tmp/r6_keyhole_sim/r6sim.sim/sim_1/behav/xsim/mode_1_memory_0_mixed.mem'
INFO: [SIM-utils-43] Exported '/tmp/r6_keyhole_sim/r6sim.sim/sim_1/behav/xsim/mode_1_memory_1_wb.mem'
INFO: [SIM-utils-43] Exported '/tmp/r6_keyhole_sim/r6sim.sim/sim_1/behav/xsim/mode_1_memory_2_nm.mem'
INFO: [SIM-utils-43] Exported '/tmp/r6_keyhole_sim/r6sim.sim/sim_1/behav/xsim/mode_1_memory_4_mx.mem'
INFO: [SIM-utils-43] Exported '/tmp/r6_keyhole_sim/r6sim.sim/sim_1/behav/xsim/mode_2_memory_0_mixed.mem'
INFO: [SIM-utils-43] Exported '/tmp/r6_keyhole_sim/r6sim.sim/sim_1/behav/xsim/mode_2_memory_1_wb.mem'
INFO: [SIM-utils-43] Exported '/tmp/r6_keyhole_sim/r6sim.sim/sim_1/behav/xsim/mode_2_memory_2_nm.mem'
INFO: [SIM-utils-43] Exported '/tmp/r6_keyhole_sim/r6sim.sim/sim_1/behav/xsim/mode_2_memory_4_mx.mem'
INFO: [SIM-utils-43] Exported '/tmp/r6_keyhole_sim/r6sim.sim/sim_1/behav/xsim/mode_2_memory_3_sp.mem'
INFO: [SIM-utils-43] Exported '/tmp/r6_keyhole_sim/r6sim.sim/sim_1/behav/xsim/mode_1_memory_3_sp.mem'
INFO: [USF-XSim-97] Finding global include files...
INFO: [USF-XSim-98] Fetching design files from 'sim_1'...
INFO: [USF-XSim-2] XSim::Compile design
INFO: [USF-XSim-61] Executing 'COMPILE and ANALYZE' step in '/tmp/r6_keyhole_sim/r6sim.sim/sim_1/behav/xsim'
xvlog --incr --relax -L uvm -L axi_vip_v1_1_21 -L xilinx_vip -prj tb_keyhole_vlog.prj
INFO: [VRFC 10-2263] Analyzing SystemVerilog file "/tmp/r6_keyhole_sim/r6sim.ip_user_files/bd/sim_keyhole/ip/sim_keyhole_axi_vip_0_0/sim/sim_keyhole_axi_vip_0_0_pkg.sv" into library xil_defaultlib
INFO: [VRFC 10-2263] Analyzing SystemVerilog file "/tmp/r6_keyhole_sim/r6sim.ip_user_files/bd/sim_keyhole/ip/sim_keyhole_axi_vip_0_0/sim/sim_keyhole_axi_vip_0_0.sv" into library xil_defaultlib
INFO: [VRFC 10-311] analyzing module sim_keyhole_axi_vip_0_0
INFO: [VRFC 10-2263] Analyzing SystemVerilog file "/tmp/r6_keyhole_sim/r6sim.ip_user_files/bd/sim_keyhole/ip/sim_keyhole_axi_vip_1_0/sim/sim_keyhole_axi_vip_1_0_pkg.sv" into library xil_defaultlib
INFO: [VRFC 10-2263] Analyzing SystemVerilog file "/tmp/r6_keyhole_sim/r6sim.ip_user_files/bd/sim_keyhole/ip/sim_keyhole_axi_vip_1_0/sim/sim_keyhole_axi_vip_1_0.sv" into library xil_defaultlib
INFO: [VRFC 10-311] analyzing module sim_keyhole_axi_vip_1_0
INFO: [VRFC 10-2263] Analyzing Verilog file "/tmp/r6_keyhole_sim/r6sim.ip_user_files/bd/sim_keyhole/ip/sim_keyhole_axi_ic_0_imp_xbar_0/sim/sim_keyhole_axi_ic_0_imp_xbar_0.v" into library xil_defaultlib
INFO: [VRFC 10-311] analyzing module sim_keyhole_axi_ic_0_imp_xbar_0
WARNING: [VRFC 10-8772] attribute 'X_INTERFACE_MODE' is already specified; last one will take precedence [/tmp/r6_keyhole_sim/r6sim.ip_user_files/bd/sim_keyhole/ip/sim_keyhole_axi_ic_0_imp_xbar_0/sim/sim_keyhole_axi_ic_0_imp_xbar_0.v:149]
WARNING: [VRFC 10-8772] attribute 'X_INTERFACE_PARAMETER' is already specified; last one will take precedence [/tmp/r6_keyhole_sim/r6sim.ip_user_files/bd/sim_keyhole/ip/sim_keyhole_axi_ic_0_imp_xbar_0/sim/sim_keyhole_axi_ic_0_imp_xbar_0.v:150]
WARNING: [VRFC 10-8772] attribute 'X_INTERFACE_MODE' is already specified; last one will take precedence [/tmp/r6_keyhole_sim/r6sim.ip_user_files/bd/sim_keyhole/ip/sim_keyhole_axi_ic_0_imp_xbar_0/sim/sim_keyhole_axi_ic_0_imp_xbar_0.v:229]
WARNING: [VRFC 10-8772] attribute 'X_INTERFACE_PARAMETER' is already specified; last one will take precedence [/tmp/r6_keyhole_sim/r6sim.ip_user_files/bd/sim_keyhole/ip/sim_keyhole_axi_ic_0_imp_xbar_0/sim/sim_keyhole_axi_ic_0_imp_xbar_0.v:230]
WARNING: [VRFC 10-8772] attribute 'X_INTERFACE_MODE' is already specified; last one will take precedence [/tmp/r6_keyhole_sim/r6sim.ip_user_files/bd/sim_keyhole/ip/sim_keyhole_axi_ic_0_imp_xbar_0/sim/sim_keyhole_axi_ic_0_imp_xbar_0.v:232]
WARNING: [VRFC 10-8772] attribute 'X_INTERFACE_PARAMETER' is already specified; last one will take precedence [/tmp/r6_keyhole_sim/r6sim.ip_user_files/bd/sim_keyhole/ip/sim_keyhole_axi_ic_0_imp_xbar_0/sim/sim_keyhole_axi_ic_0_imp_xbar_0.v:233]
INFO: [VRFC 10-2263] Analyzing Verilog file "/tmp/r6_keyhole_sim/r6sim.ip_user_files/bd/sim_keyhole/ip/sim_keyhole_axi_ic_0_imp_auto_pc_1/sim/sim_keyhole_axi_ic_0_imp_auto_pc_1.v" into library xil_defaultlib
INFO: [VRFC 10-311] analyzing module sim_keyhole_axi_ic_0_imp_auto_pc_1
INFO: [VRFC 10-2263] Analyzing Verilog file "/tmp/r6_keyhole_sim/r6sim.ip_user_files/bd/sim_keyhole/ip/sim_keyhole_axi_ic_0_imp_auto_pc_0/sim/sim_keyhole_axi_ic_0_imp_auto_pc_0.v" into library xil_defaultlib
INFO: [VRFC 10-311] analyzing module sim_keyhole_axi_ic_0_imp_auto_pc_0
INFO: [VRFC 10-2263] Analyzing Verilog file "/tmp/r6_keyhole_sim/r6sim.ip_user_files/bd/sim_keyhole/sim/sim_keyhole.v" into library xil_defaultlib
INFO: [VRFC 10-311] analyzing module m00_couplers_imp_1DSNBO5
INFO: [VRFC 10-311] analyzing module m01_couplers_imp_CE9A2Z
INFO: [VRFC 10-311] analyzing module m02_couplers_imp_OC0YP4
INFO: [VRFC 10-311] analyzing module s00_couplers_imp_QHJFET
INFO: [VRFC 10-311] analyzing module s01_couplers_imp_1HGKLLN
INFO: [VRFC 10-311] analyzing module sim_keyhole
INFO: [VRFC 10-311] analyzing module sim_keyhole_axi_ic_0_0
INFO: [VRFC 10-2263] Analyzing Verilog file "/tmp/r6_keyhole_sim/r6sim.gen/sources_1/bd/sim_keyhole/hdl/sim_keyhole_wrapper.v" into library xil_defaultlib
INFO: [VRFC 10-311] analyzing module sim_keyhole_wrapper
INFO: [VRFC 10-2263] Analyzing SystemVerilog file "/home/jconway/spi-soc-research/hardware/sim/tb_keyhole.sv" into library xil_defaultlib
INFO: [VRFC 10-311] analyzing module tb_keyhole
INFO: [VRFC 10-2263] Analyzing Verilog file "/tmp/r6_keyhole_sim/r6sim.sim/sim_1/behav/xsim/glbl.v" into library xil_defaultlib
INFO: [VRFC 10-311] analyzing module glbl
xvhdl --incr --relax -prj tb_keyhole_vhdl.prj
INFO: [VRFC 10-163] Analyzing VHDL file "/tmp/r6_keyhole_sim/r6sim.ip_user_files/bd/sim_keyhole/ip/sim_keyhole_axi_cdma_0_0/sim/sim_keyhole_axi_cdma_0_0.vhd" into library xil_defaultlib
INFO: [VRFC 10-3107] analyzing entity 'sim_keyhole_axi_cdma_0_0'
INFO: [VRFC 10-163] Analyzing VHDL file "/tmp/r6_keyhole_sim/r6sim.ip_user_files/bd/sim_keyhole/ip/sim_keyhole_axi_quad_spi_0_0/sim/sim_keyhole_axi_quad_spi_0_0.vhd" into library xil_defaultlib
INFO: [VRFC 10-3107] analyzing entity 'sim_keyhole_axi_quad_spi_0_0'
Waiting for jobs to finish...
No pending jobs, compilation finished.
INFO: [USF-XSim-69] 'compile' step finished in '5' seconds
INFO: [USF-XSim-3] XSim::Elaborate design
INFO: [USF-XSim-61] Executing 'ELABORATE' step in '/tmp/r6_keyhole_sim/r6sim.sim/sim_1/behav/xsim'
xelab --incr --debug typical --relax --mt 8 -L xil_defaultlib -L axi_infrastructure_v1_1_0 -L axi_vip_v1_1_21 -L axi_datamover_v5_1_37 -L axi_sg_v4_1_21 -L axi_cdma_v4_1_35 -L dist_mem_gen_v8_0_17 -L axi_lite_ipif_v3_0_4 -L interrupt_control_v3_1_5 -L axi_quad_spi_v3_2_34 -L generic_baseblocks_v2_1_2 -L axi_register_slice_v2_1_35 -L fifo_generator_v13_2_13 -L axi_data_fifo_v2_1_35 -L axi_crossbar_v2_1_37 -L axi_protocol_converter_v2_1_36 -L uvm -L xilinx_vip -L unisims_ver -L unimacro_ver -L secureip -L xpm --snapshot tb_keyhole_behav xil_defaultlib.tb_keyhole xil_defaultlib.glbl -log elaborate.log
Vivado Simulator v2025.1.0
Copyright 1986-2022 Xilinx, Inc. All Rights Reserved.
Copyright 2022-2025 Advanced Micro Devices, Inc. All Rights Reserved.
Running: /tools/Xilinx/2025.1/Vivado/bin/unwrapped/lnx64.o/xelab --incr --debug typical --relax --mt 8 -L xil_defaultlib -L axi_infrastructure_v1_1_0 -L axi_vip_v1_1_21 -L axi_datamover_v5_1_37 -L axi_sg_v4_1_21 -L axi_cdma_v4_1_35 -L dist_mem_gen_v8_0_17 -L axi_lite_ipif_v3_0_4 -L interrupt_control_v3_1_5 -L axi_quad_spi_v3_2_34 -L generic_baseblocks_v2_1_2 -L axi_register_slice_v2_1_35 -L fifo_generator_v13_2_13 -L axi_data_fifo_v2_1_35 -L axi_crossbar_v2_1_37 -L axi_protocol_converter_v2_1_36 -L uvm -L xilinx_vip -L unisims_ver -L unimacro_ver -L secureip -L xpm --snapshot tb_keyhole_behav xil_defaultlib.tb_keyhole xil_defaultlib.glbl -log elaborate.log 
Using 8 slave threads.
WARNING: [XSIM 43-3431] One or more environment variables have been detected which affect the operation of the C compiler. These are typically not set in standard installations and are not tested by AMD, however they may be appropriate for your system, so the flow will attempt to continue.  If errors occur, try running xelab with the "-mt off -v 1" switches to see more information from the C compiler. The following environment variables have been detected:
    LIBRARY_PATH
Starting static elaboration
Pass Through NonSizing Optimizer
ERROR: [VRFC 10-2991] 'smartconnect_0_M01_AXI_ARVALID' is not declared under prefix 'sim_keyhole_i' [/home/jconway/spi-soc-research/hardware/sim/tb_keyhole.sv:102]
ERROR: [VRFC 10-2991] 'smartconnect_0_M01_AXI_ARADDR' is not declared under prefix 'sim_keyhole_i' [/home/jconway/spi-soc-research/hardware/sim/tb_keyhole.sv:104]
ERROR: [VRFC 10-2991] 'smartconnect_0_M01_AXI_RVALID' is not declared under prefix 'sim_keyhole_i' [/home/jconway/spi-soc-research/hardware/sim/tb_keyhole.sv:105]
ERROR: [VRFC 10-2991] 'smartconnect_0_M01_AXI_RDATA' is not declared under prefix 'sim_keyhole_i' [/home/jconway/spi-soc-research/hardware/sim/tb_keyhole.sv:107]
ERROR: [VRFC 10-2991] 'smartconnect_0_M01_AXI_RRESP' is not declared under prefix 'sim_keyhole_i' [/home/jconway/spi-soc-research/hardware/sim/tb_keyhole.sv:108]
ERROR: [VRFC 10-2991] 'smartconnect_0_M01_AXI_AWVALID' is not declared under prefix 'sim_keyhole_i' [/home/jconway/spi-soc-research/hardware/sim/tb_keyhole.sv:109]
ERROR: [VRFC 10-2991] 'smartconnect_0_M01_AXI_AWADDR' is not declared under prefix 'sim_keyhole_i' [/home/jconway/spi-soc-research/hardware/sim/tb_keyhole.sv:111]
ERROR: [VRFC 10-2991] 'smartconnect_0_M01_AXI_WVALID' is not declared under prefix 'sim_keyhole_i' [/home/jconway/spi-soc-research/hardware/sim/tb_keyhole.sv:112]
ERROR: [VRFC 10-2991] 'smartconnect_0_M01_AXI_WDATA' is not declared under prefix 'sim_keyhole_i' [/home/jconway/spi-soc-research/hardware/sim/tb_keyhole.sv:114]
ERROR: [VRFC 10-2991] 'smartconnect_0_M00_AXI_AWVALID' is not declared under prefix 'sim_keyhole_i' [/home/jconway/spi-soc-research/hardware/sim/tb_keyhole.sv:125]
ERROR: [VRFC 10-2991] 'smartconnect_0_M00_AXI_AWADDR' is not declared under prefix 'sim_keyhole_i' [/home/jconway/spi-soc-research/hardware/sim/tb_keyhole.sv:127]
ERROR: [VRFC 10-2991] 'smartconnect_0_M00_AXI_WVALID' is not declared under prefix 'sim_keyhole_i' [/home/jconway/spi-soc-research/hardware/sim/tb_keyhole.sv:128]
ERROR: [VRFC 10-2991] 'smartconnect_0_M00_AXI_WDATA' is not declared under prefix 'sim_keyhole_i' [/home/jconway/spi-soc-research/hardware/sim/tb_keyhole.sv:130]
ERROR: [VRFC 10-2991] 'smartconnect_0_M00_AXI_BVALID' is not declared under prefix 'sim_keyhole_i' [/home/jconway/spi-soc-research/hardware/sim/tb_keyhole.sv:131]
ERROR: [VRFC 10-2991] 'smartconnect_0_M00_AXI_BRESP' is not declared under prefix 'sim_keyhole_i' [/home/jconway/spi-soc-research/hardware/sim/tb_keyhole.sv:133]
ERROR: [XSIM 43-3322] Static elaboration of top level Verilog design unit(s) in library work failed.
INFO: [USF-XSim-69] 'elaborate' step finished in '4' seconds
INFO: [USF-XSim-99] Step results log file:'/tmp/r6_keyhole_sim/r6sim.sim/sim_1/behav/xsim/elaborate.log'
ERROR: [USF-XSim-62] 'elaborate' step failed with error(s). Please check the Tcl console output or '/tmp/r6_keyhole_sim/r6sim.sim/sim_1/behav/xsim/elaborate.log' file for more information.
ERROR: [Vivado 12-4473] Detected error while running simulation. Please correct the issue and retry this operation.
launch_simulation: Time (s): cpu = 00:00:14 ; elapsed = 00:00:15 . Memory (MB): peak = 1914.348 ; gain = 34.984 ; free physical = 26664 ; free virtual = 49726
ERROR: [Common 17-39] 'launch_simulation' failed due to earlier errors.

    while executing
"launch_simulation"
    (file "/home/jconway/spi-soc-research/hardware/sim/run_keyhole_sim.tcl" line 11)
INFO: [Common 17-206] Exiting Vivado at Mon Aug 10 10:42:12 2026...
